2026-01-26 11:36:56 | error | Error found | GET | /api/v1/auth/settings | غير مصرح لك بالوصول لهذا المسار. يرجى تسجيل الدخول 
Error: غير مصرح لك بالوصول لهذا المسار. يرجى تسجيل الدخول
    at D:\VisulStudioCode\mean-stack-nti-course\mean-stack-task-e-commerce-nti\backend\src\middlewares\auth.middleware.js:19:7
    at D:\VisulStudioCode\mean-stack-nti-course\mean-stack-task-e-commerce-nti\backend\src\utils\catch-async.utili.js:2:3
    at Layer.handleRequest (D:\VisulStudioCode\mean-stack-nti-course\mean-stack-task-e-commerce-nti\backend\node_modules\router\lib\layer.js:152:17)
    at trimPrefix (D:\VisulStudioCode\mean-stack-nti-course\mean-stack-task-e-commerce-nti\backend\node_modules\router\index.js:342:13)
    at D:\VisulStudioCode\mean-stack-nti-course\mean-stack-task-e-commerce-nti\backend\node_modules\router\index.js:297:9
    at processParams (D:\VisulStudioCode\mean-stack-nti-course\mean-stack-task-e-commerce-nti\backend\node_modules\router\index.js:582:12)
    at next (D:\VisulStudioCode\mean-stack-nti-course\mean-stack-task-e-commerce-nti\backend\node_modules\router\index.js:291:5)
    at router.handle (D:\VisulStudioCode\mean-stack-nti-course\mean-stack-task-e-commerce-nti\backend\node_modules\router\index.js:186:3)
    at router (D:\VisulStudioCode\mean-stack-nti-course\mean-stack-task-e-commerce-nti\backend\node_modules\router\index.js:60:12)
    at Layer.handleRequest (D:\VisulStudioCode\mean-stack-nti-course\mean-stack-task-e-commerce-nti\backend\node_modules\router\lib\layer.js:152:17)
2026-01-26 11:37:33 | error | Error found | GET | /api/v1/auth/settings | غير مصرح لك بالوصول لهذا المسار. يرجى تسجيل الدخول 
Error: غير مصرح لك بالوصول لهذا المسار. يرجى تسجيل الدخول
    at D:\VisulStudioCode\mean-stack-nti-course\mean-stack-task-e-commerce-nti\backend\src\middlewares\auth.middleware.js:19:7
    at D:\VisulStudioCode\mean-stack-nti-course\mean-stack-task-e-commerce-nti\backend\src\utils\catch-async.utili.js:2:3
    at Layer.handleRequest (D:\VisulStudioCode\mean-stack-nti-course\mean-stack-task-e-commerce-nti\backend\node_modules\router\lib\layer.js:152:17)
    at trimPrefix (D:\VisulStudioCode\mean-stack-nti-course\mean-stack-task-e-commerce-nti\backend\node_modules\router\index.js:342:13)
    at D:\VisulStudioCode\mean-stack-nti-course\mean-stack-task-e-commerce-nti\backend\node_modules\router\index.js:297:9
    at processParams (D:\VisulStudioCode\mean-stack-nti-course\mean-stack-task-e-commerce-nti\backend\node_modules\router\index.js:582:12)
    at next (D:\VisulStudioCode\mean-stack-nti-course\mean-stack-task-e-commerce-nti\backend\node_modules\router\index.js:291:5)
    at router.handle (D:\VisulStudioCode\mean-stack-nti-course\mean-stack-task-e-commerce-nti\backend\node_modules\router\index.js:186:3)
    at router (D:\VisulStudioCode\mean-stack-nti-course\mean-stack-task-e-commerce-nti\backend\node_modules\router\index.js:60:12)
    at Layer.handleRequest (D:\VisulStudioCode\mean-stack-nti-course\mean-stack-task-e-commerce-nti\backend\node_modules\router\lib\layer.js:152:17)
2026-01-26 11:38:13 | error | Error found | GET | /api/v1/auth/settings | غير مصرح لك بالوصول لهذا المسار. يرجى تسجيل الدخول 
Error: غير مصرح لك بالوصول لهذا المسار. يرجى تسجيل الدخول
    at D:\VisulStudioCode\mean-stack-nti-course\mean-stack-task-e-commerce-nti\backend\src\middlewares\auth.middleware.js:19:7
    at D:\VisulStudioCode\mean-stack-nti-course\mean-stack-task-e-commerce-nti\backend\src\utils\catch-async.utili.js:2:3
    at Layer.handleRequest (D:\VisulStudioCode\mean-stack-nti-course\mean-stack-task-e-commerce-nti\backend\node_modules\router\lib\layer.js:152:17)
    at trimPrefix (D:\VisulStudioCode\mean-stack-nti-course\mean-stack-task-e-commerce-nti\backend\node_modules\router\index.js:342:13)
    at D:\VisulStudioCode\mean-stack-nti-course\mean-stack-task-e-commerce-nti\backend\node_modules\router\index.js:297:9
    at processParams (D:\VisulStudioCode\mean-stack-nti-course\mean-stack-task-e-commerce-nti\backend\node_modules\router\index.js:582:12)
    at next (D:\VisulStudioCode\mean-stack-nti-course\mean-stack-task-e-commerce-nti\backend\node_modules\router\index.js:291:5)
    at router.handle (D:\VisulStudioCode\mean-stack-nti-course\mean-stack-task-e-commerce-nti\backend\node_modules\router\index.js:186:3)
    at router (D:\VisulStudioCode\mean-stack-nti-course\mean-stack-task-e-commerce-nti\backend\node_modules\router\index.js:60:12)
    at Layer.handleRequest (D:\VisulStudioCode\mean-stack-nti-course\mean-stack-task-e-commerce-nti\backend\node_modules\router\lib\layer.js:152:17)
2026-01-26 11:38:30 | error | Error found | GET | /api/v1/auth/settings | غير مصرح لك بالوصول لهذا المسار. يرجى تسجيل الدخول 
Error: غير مصرح لك بالوصول لهذا المسار. يرجى تسجيل الدخول
    at D:\VisulStudioCode\mean-stack-nti-course\mean-stack-task-e-commerce-nti\backend\src\middlewares\auth.middleware.js:19:7
    at D:\VisulStudioCode\mean-stack-nti-course\mean-stack-task-e-commerce-nti\backend\src\utils\catch-async.utili.js:2:3
    at Layer.handleRequest (D:\VisulStudioCode\mean-stack-nti-course\mean-stack-task-e-commerce-nti\backend\node_modules\router\lib\layer.js:152:17)
    at trimPrefix (D:\VisulStudioCode\mean-stack-nti-course\mean-stack-task-e-commerce-nti\backend\node_modules\router\index.js:342:13)
    at D:\VisulStudioCode\mean-stack-nti-course\mean-stack-task-e-commerce-nti\backend\node_modules\router\index.js:297:9
    at processParams (D:\VisulStudioCode\mean-stack-nti-course\mean-stack-task-e-commerce-nti\backend\node_modules\router\index.js:582:12)
    at next (D:\VisulStudioCode\mean-stack-nti-course\mean-stack-task-e-commerce-nti\backend\node_modules\router\index.js:291:5)
    at router.handle (D:\VisulStudioCode\mean-stack-nti-course\mean-stack-task-e-commerce-nti\backend\node_modules\router\index.js:186:3)
    at router (D:\VisulStudioCode\mean-stack-nti-course\mean-stack-task-e-commerce-nti\backend\node_modules\router\index.js:60:12)
    at Layer.handleRequest (D:\VisulStudioCode\mean-stack-nti-course\mean-stack-task-e-commerce-nti\backend\node_modules\router\lib\layer.js:152:17)
2026-01-26 11:38:31 | error | Error found | GET | /api/v1/auth/settings | غير مصرح لك بالوصول لهذا المسار. يرجى تسجيل الدخول 
Error: غير مصرح لك بالوصول لهذا المسار. يرجى تسجيل الدخول
    at D:\VisulStudioCode\mean-stack-nti-course\mean-stack-task-e-commerce-nti\backend\src\middlewares\auth.middleware.js:19:7
    at D:\VisulStudioCode\mean-stack-nti-course\mean-stack-task-e-commerce-nti\backend\src\utils\catch-async.utili.js:2:3
    at Layer.handleRequest (D:\VisulStudioCode\mean-stack-nti-course\mean-stack-task-e-commerce-nti\backend\node_modules\router\lib\layer.js:152:17)
    at trimPrefix (D:\VisulStudioCode\mean-stack-nti-course\mean-stack-task-e-commerce-nti\backend\node_modules\router\index.js:342:13)
    at D:\VisulStudioCode\mean-stack-nti-course\mean-stack-task-e-commerce-nti\backend\node_modules\router\index.js:297:9
    at processParams (D:\VisulStudioCode\mean-stack-nti-course\mean-stack-task-e-commerce-nti\backend\node_modules\router\index.js:582:12)
    at next (D:\VisulStudioCode\mean-stack-nti-course\mean-stack-task-e-commerce-nti\backend\node_modules\router\index.js:291:5)
    at router.handle (D:\VisulStudioCode\mean-stack-nti-course\mean-stack-task-e-commerce-nti\backend\node_modules\router\index.js:186:3)
    at router (D:\VisulStudioCode\mean-stack-nti-course\mean-stack-task-e-commerce-nti\backend\node_modules\router\index.js:60:12)
    at Layer.handleRequest (D:\VisulStudioCode\mean-stack-nti-course\mean-stack-task-e-commerce-nti\backend\node_modules\router\lib\layer.js:152:17)
2026-01-26 11:39:46 | error | Error found | GET | /api/v1/auth/products | غير مصرح لك بالوصول لهذا المسار. يرجى تسجيل الدخول 
Error: غير مصرح لك بالوصول لهذا المسار. يرجى تسجيل الدخول
    at D:\VisulStudioCode\mean-stack-nti-course\mean-stack-task-e-commerce-nti\backend\src\middlewares\auth.middleware.js:19:7
    at D:\VisulStudioCode\mean-stack-nti-course\mean-stack-task-e-commerce-nti\backend\src\utils\catch-async.utili.js:2:3
    at Layer.handleRequest (D:\VisulStudioCode\mean-stack-nti-course\mean-stack-task-e-commerce-nti\backend\node_modules\router\lib\layer.js:152:17)
    at trimPrefix (D:\VisulStudioCode\mean-stack-nti-course\mean-stack-task-e-commerce-nti\backend\node_modules\router\index.js:342:13)
    at D:\VisulStudioCode\mean-stack-nti-course\mean-stack-task-e-commerce-nti\backend\node_modules\router\index.js:297:9
    at processParams (D:\VisulStudioCode\mean-stack-nti-course\mean-stack-task-e-commerce-nti\backend\node_modules\router\index.js:582:12)
    at next (D:\VisulStudioCode\mean-stack-nti-course\mean-stack-task-e-commerce-nti\backend\node_modules\router\index.js:291:5)
    at router.handle (D:\VisulStudioCode\mean-stack-nti-course\mean-stack-task-e-commerce-nti\backend\node_modules\router\index.js:186:3)
    at router (D:\VisulStudioCode\mean-stack-nti-course\mean-stack-task-e-commerce-nti\backend\node_modules\router\index.js:60:12)
    at Layer.handleRequest (D:\VisulStudioCode\mean-stack-nti-course\mean-stack-task-e-commerce-nti\backend\node_modules\router\lib\layer.js:152:17)
2026-01-26 11:41:36 | error | Error found | GET | /api/v1/auth/products | غير مصرح لك بالوصول لهذا المسار. يرجى تسجيل الدخول 
Error: غير مصرح لك بالوصول لهذا المسار. يرجى تسجيل الدخول
    at D:\VisulStudioCode\mean-stack-nti-course\mean-stack-task-e-commerce-nti\backend\src\middlewares\auth.middleware.js:19:7
    at D:\VisulStudioCode\mean-stack-nti-course\mean-stack-task-e-commerce-nti\backend\src\utils\catch-async.utili.js:2:3
    at Layer.handleRequest (D:\VisulStudioCode\mean-stack-nti-course\mean-stack-task-e-commerce-nti\backend\node_modules\router\lib\layer.js:152:17)
    at trimPrefix (D:\VisulStudioCode\mean-stack-nti-course\mean-stack-task-e-commerce-nti\backend\node_modules\router\index.js:342:13)
    at D:\VisulStudioCode\mean-stack-nti-course\mean-stack-task-e-commerce-nti\backend\node_modules\router\index.js:297:9
    at processParams (D:\VisulStudioCode\mean-stack-nti-course\mean-stack-task-e-commerce-nti\backend\node_modules\router\index.js:582:12)
    at next (D:\VisulStudioCode\mean-stack-nti-course\mean-stack-task-e-commerce-nti\backend\node_modules\router\index.js:291:5)
    at router.handle (D:\VisulStudioCode\mean-stack-nti-course\mean-stack-task-e-commerce-nti\backend\node_modules\router\index.js:186:3)
    at router (D:\VisulStudioCode\mean-stack-nti-course\mean-stack-task-e-commerce-nti\backend\node_modules\router\index.js:60:12)
    at Layer.handleRequest (D:\VisulStudioCode\mean-stack-nti-course\mean-stack-task-e-commerce-nti\backend\node_modules\router\lib\layer.js:152:17)
2026-01-26 11:41:37 | error | Error found | GET | /api/v1/auth/products | غير مصرح لك بالوصول لهذا المسار. يرجى تسجيل الدخول 
Error: غير مصرح لك بالوصول لهذا المسار. يرجى تسجيل الدخول
    at D:\VisulStudioCode\mean-stack-nti-course\mean-stack-task-e-commerce-nti\backend\src\middlewares\auth.middleware.js:19:7
    at D:\VisulStudioCode\mean-stack-nti-course\mean-stack-task-e-commerce-nti\backend\src\utils\catch-async.utili.js:2:3
    at Layer.handleRequest (D:\VisulStudioCode\mean-stack-nti-course\mean-stack-task-e-commerce-nti\backend\node_modules\router\lib\layer.js:152:17)
    at trimPrefix (D:\VisulStudioCode\mean-stack-nti-course\mean-stack-task-e-commerce-nti\backend\node_modules\router\index.js:342:13)
    at D:\VisulStudioCode\mean-stack-nti-course\mean-stack-task-e-commerce-nti\backend\node_modules\router\index.js:297:9
    at processParams (D:\VisulStudioCode\mean-stack-nti-course\mean-stack-task-e-commerce-nti\backend\node_modules\router\index.js:582:12)
    at next (D:\VisulStudioCode\mean-stack-nti-course\mean-stack-task-e-commerce-nti\backend\node_modules\router\index.js:291:5)
    at router.handle (D:\VisulStudioCode\mean-stack-nti-course\mean-stack-task-e-commerce-nti\backend\node_modules\router\index.js:186:3)
    at router (D:\VisulStudioCode\mean-stack-nti-course\mean-stack-task-e-commerce-nti\backend\node_modules\router\index.js:60:12)
    at Layer.handleRequest (D:\VisulStudioCode\mean-stack-nti-course\mean-stack-task-e-commerce-nti\backend\node_modules\router\lib\layer.js:152:17)
2026-01-26 11:42:19 | error | Error found | GET | /api/v1/auth/settings | غير مصرح لك بالوصول لهذا المسار. يرجى تسجيل الدخول 
Error: غير مصرح لك بالوصول لهذا المسار. يرجى تسجيل الدخول
    at D:\VisulStudioCode\mean-stack-nti-course\mean-stack-task-e-commerce-nti\backend\src\middlewares\auth.middleware.js:19:7
    at D:\VisulStudioCode\mean-stack-nti-course\mean-stack-task-e-commerce-nti\backend\src\utils\catch-async.utili.js:2:3
    at Layer.handleRequest (D:\VisulStudioCode\mean-stack-nti-course\mean-stack-task-e-commerce-nti\backend\node_modules\router\lib\layer.js:152:17)
    at trimPrefix (D:\VisulStudioCode\mean-stack-nti-course\mean-stack-task-e-commerce-nti\backend\node_modules\router\index.js:342:13)
    at D:\VisulStudioCode\mean-stack-nti-course\mean-stack-task-e-commerce-nti\backend\node_modules\router\index.js:297:9
    at processParams (D:\VisulStudioCode\mean-stack-nti-course\mean-stack-task-e-commerce-nti\backend\node_modules\router\index.js:582:12)
    at next (D:\VisulStudioCode\mean-stack-nti-course\mean-stack-task-e-commerce-nti\backend\node_modules\router\index.js:291:5)
    at router.handle (D:\VisulStudioCode\mean-stack-nti-course\mean-stack-task-e-commerce-nti\backend\node_modules\router\index.js:186:3)
    at router (D:\VisulStudioCode\mean-stack-nti-course\mean-stack-task-e-commerce-nti\backend\node_modules\router\index.js:60:12)
    at Layer.handleRequest (D:\VisulStudioCode\mean-stack-nti-course\mean-stack-task-e-commerce-nti\backend\node_modules\router\lib\layer.js:152:17)
2026-01-26 11:42:39 | error | Error found | GET | /api/v1/settings | SiteSettingSchema is not defined 
ReferenceError: SiteSettingSchema is not defined
    at D:\VisulStudioCode\mean-stack-nti-course\mean-stack-task-e-commerce-nti\backend\src\controllers\settings.controller.js:19:20
    at D:\VisulStudioCode\mean-stack-nti-course\mean-stack-task-e-commerce-nti\backend\src\utils\catch-async.utili.js:2:3
    at Layer.handleRequest (D:\VisulStudioCode\mean-stack-nti-course\mean-stack-task-e-commerce-nti\backend\node_modules\router\lib\layer.js:152:17)
    at next (D:\VisulStudioCode\mean-stack-nti-course\mean-stack-task-e-commerce-nti\backend\node_modules\router\lib\route.js:157:13)
    at Route.dispatch (D:\VisulStudioCode\mean-stack-nti-course\mean-stack-task-e-commerce-nti\backend\node_modules\router\lib\route.js:117:3)
    at handle (D:\VisulStudioCode\mean-stack-nti-course\mean-stack-task-e-commerce-nti\backend\node_modules\router\index.js:435:11)
    at Layer.handleRequest (D:\VisulStudioCode\mean-stack-nti-course\mean-stack-task-e-commerce-nti\backend\node_modules\router\lib\layer.js:152:17)
    at D:\VisulStudioCode\mean-stack-nti-course\mean-stack-task-e-commerce-nti\backend\node_modules\router\index.js:295:15
    at processParams (D:\VisulStudioCode\mean-stack-nti-course\mean-stack-task-e-commerce-nti\backend\node_modules\router\index.js:582:12)
    at next (D:\VisulStudioCode\mean-stack-nti-course\mean-stack-task-e-commerce-nti\backend\node_modules\router\index.js:291:5)
2026-01-26 11:42:58 | error | Error found | GET | /api/v1/settings | SiteSettingSchema is not defined 
ReferenceError: SiteSettingSchema is not defined
    at D:\VisulStudioCode\mean-stack-nti-course\mean-stack-task-e-commerce-nti\backend\src\controllers\settings.controller.js:19:20
    at D:\VisulStudioCode\mean-stack-nti-course\mean-stack-task-e-commerce-nti\backend\src\utils\catch-async.utili.js:2:3
    at Layer.handleRequest (D:\VisulStudioCode\mean-stack-nti-course\mean-stack-task-e-commerce-nti\backend\node_modules\router\lib\layer.js:152:17)
    at next (D:\VisulStudioCode\mean-stack-nti-course\mean-stack-task-e-commerce-nti\backend\node_modules\router\lib\route.js:157:13)
    at Route.dispatch (D:\VisulStudioCode\mean-stack-nti-course\mean-stack-task-e-commerce-nti\backend\node_modules\router\lib\route.js:117:3)
    at handle (D:\VisulStudioCode\mean-stack-nti-course\mean-stack-task-e-commerce-nti\backend\node_modules\router\index.js:435:11)
    at Layer.handleRequest (D:\VisulStudioCode\mean-stack-nti-course\mean-stack-task-e-commerce-nti\backend\node_modules\router\lib\layer.js:152:17)
    at D:\VisulStudioCode\mean-stack-nti-course\mean-stack-task-e-commerce-nti\backend\node_modules\router\index.js:295:15
    at processParams (D:\VisulStudioCode\mean-stack-nti-course\mean-stack-task-e-commerce-nti\backend\node_modules\router\index.js:582:12)
    at next (D:\VisulStudioCode\mean-stack-nti-course\mean-stack-task-e-commerce-nti\backend\node_modules\router\index.js:291:5)
2026-01-26 11:43:15 | error | Error found | GET | /api/v1/settings | SiteSettingSchema is not defined 
ReferenceError: SiteSettingSchema is not defined
    at D:\VisulStudioCode\mean-stack-nti-course\mean-stack-task-e-commerce-nti\backend\src\controllers\settings.controller.js:19:20
    at D:\VisulStudioCode\mean-stack-nti-course\mean-stack-task-e-commerce-nti\backend\src\utils\catch-async.utili.js:2:3
    at Layer.handleRequest (D:\VisulStudioCode\mean-stack-nti-course\mean-stack-task-e-commerce-nti\backend\node_modules\router\lib\layer.js:152:17)
    at next (D:\VisulStudioCode\mean-stack-nti-course\mean-stack-task-e-commerce-nti\backend\node_modules\router\lib\route.js:157:13)
    at Route.dispatch (D:\VisulStudioCode\mean-stack-nti-course\mean-stack-task-e-commerce-nti\backend\node_modules\router\lib\route.js:117:3)
    at handle (D:\VisulStudioCode\mean-stack-nti-course\mean-stack-task-e-commerce-nti\backend\node_modules\router\index.js:435:11)
    at Layer.handleRequest (D:\VisulStudioCode\mean-stack-nti-course\mean-stack-task-e-commerce-nti\backend\node_modules\router\lib\layer.js:152:17)
    at D:\VisulStudioCode\mean-stack-nti-course\mean-stack-task-e-commerce-nti\backend\node_modules\router\index.js:295:15
    at processParams (D:\VisulStudioCode\mean-stack-nti-course\mean-stack-task-e-commerce-nti\backend\node_modules\router\index.js:582:12)
    at next (D:\VisulStudioCode\mean-stack-nti-course\mean-stack-task-e-commerce-nti\backend\node_modules\router\index.js:291:5)
2026-01-26 11:44:30 | error | Error found | GET | /api/v1/settings | SiteSettingSchema is not defined 
ReferenceError: SiteSettingSchema is not defined
    at D:\VisulStudioCode\mean-stack-nti-course\mean-stack-task-e-commerce-nti\backend\src\controllers\settings.controller.js:19:20
    at D:\VisulStudioCode\mean-stack-nti-course\mean-stack-task-e-commerce-nti\backend\src\utils\catch-async.utili.js:2:3
    at Layer.handleRequest (D:\VisulStudioCode\mean-stack-nti-course\mean-stack-task-e-commerce-nti\backend\node_modules\router\lib\layer.js:152:17)
    at next (D:\VisulStudioCode\mean-stack-nti-course\mean-stack-task-e-commerce-nti\backend\node_modules\router\lib\route.js:157:13)
    at Route.dispatch (D:\VisulStudioCode\mean-stack-nti-course\mean-stack-task-e-commerce-nti\backend\node_modules\router\lib\route.js:117:3)
    at handle (D:\VisulStudioCode\mean-stack-nti-course\mean-stack-task-e-commerce-nti\backend\node_modules\router\index.js:435:11)
    at Layer.handleRequest (D:\VisulStudioCode\mean-stack-nti-course\mean-stack-task-e-commerce-nti\backend\node_modules\router\lib\layer.js:152:17)
    at D:\VisulStudioCode\mean-stack-nti-course\mean-stack-task-e-commerce-nti\backend\node_modules\router\index.js:295:15
    at processParams (D:\VisulStudioCode\mean-stack-nti-course\mean-stack-task-e-commerce-nti\backend\node_modules\router\index.js:582:12)
    at next (D:\VisulStudioCode\mean-stack-nti-course\mean-stack-task-e-commerce-nti\backend\node_modules\router\index.js:291:5)
2026-01-26 11:46:38 | error | Error found | GET | /api/v1/settings | SiteSettingSchema is not defined 
ReferenceError: SiteSettingSchema is not defined
    at D:\VisulStudioCode\mean-stack-nti-course\mean-stack-task-e-commerce-nti\backend\src\controllers\settings.controller.js:19:20
    at D:\VisulStudioCode\mean-stack-nti-course\mean-stack-task-e-commerce-nti\backend\src\utils\catch-async.utili.js:2:3
    at Layer.handleRequest (D:\VisulStudioCode\mean-stack-nti-course\mean-stack-task-e-commerce-nti\backend\node_modules\router\lib\layer.js:152:17)
    at next (D:\VisulStudioCode\mean-stack-nti-course\mean-stack-task-e-commerce-nti\backend\node_modules\router\lib\route.js:157:13)
    at Route.dispatch (D:\VisulStudioCode\mean-stack-nti-course\mean-stack-task-e-commerce-nti\backend\node_modules\router\lib\route.js:117:3)
    at handle (D:\VisulStudioCode\mean-stack-nti-course\mean-stack-task-e-commerce-nti\backend\node_modules\router\index.js:435:11)
    at Layer.handleRequest (D:\VisulStudioCode\mean-stack-nti-course\mean-stack-task-e-commerce-nti\backend\node_modules\router\lib\layer.js:152:17)
    at D:\VisulStudioCode\mean-stack-nti-course\mean-stack-task-e-commerce-nti\backend\node_modules\router\index.js:295:15
    at processParams (D:\VisulStudioCode\mean-stack-nti-course\mean-stack-task-e-commerce-nti\backend\node_modules\router\index.js:582:12)
    at next (D:\VisulStudioCode\mean-stack-nti-course\mean-stack-task-e-commerce-nti\backend\node_modules\router\index.js:291:5)
2026-01-26 11:46:41 | error | Error found | GET | /api/v1/settings/ | SiteSettingSchema is not defined 
ReferenceError: SiteSettingSchema is not defined
    at D:\VisulStudioCode\mean-stack-nti-course\mean-stack-task-e-commerce-nti\backend\src\controllers\settings.controller.js:19:20
    at D:\VisulStudioCode\mean-stack-nti-course\mean-stack-task-e-commerce-nti\backend\src\utils\catch-async.utili.js:2:3
    at Layer.handleRequest (D:\VisulStudioCode\mean-stack-nti-course\mean-stack-task-e-commerce-nti\backend\node_modules\router\lib\layer.js:152:17)
    at next (D:\VisulStudioCode\mean-stack-nti-course\mean-stack-task-e-commerce-nti\backend\node_modules\router\lib\route.js:157:13)
    at Route.dispatch (D:\VisulStudioCode\mean-stack-nti-course\mean-stack-task-e-commerce-nti\backend\node_modules\router\lib\route.js:117:3)
    at handle (D:\VisulStudioCode\mean-stack-nti-course\mean-stack-task-e-commerce-nti\backend\node_modules\router\index.js:435:11)
    at Layer.handleRequest (D:\VisulStudioCode\mean-stack-nti-course\mean-stack-task-e-commerce-nti\backend\node_modules\router\lib\layer.js:152:17)
    at D:\VisulStudioCode\mean-stack-nti-course\mean-stack-task-e-commerce-nti\backend\node_modules\router\index.js:295:15
    at processParams (D:\VisulStudioCode\mean-stack-nti-course\mean-stack-task-e-commerce-nti\backend\node_modules\router\index.js:582:12)
    at next (D:\VisulStudioCode\mean-stack-nti-course\mean-stack-task-e-commerce-nti\backend\node_modules\router\index.js:291:5)
2026-01-26 11:46:42 | error | Error found | GET | /api/v1/settings | SiteSettingSchema is not defined 
ReferenceError: SiteSettingSchema is not defined
    at D:\VisulStudioCode\mean-stack-nti-course\mean-stack-task-e-commerce-nti\backend\src\controllers\settings.controller.js:19:20
    at D:\VisulStudioCode\mean-stack-nti-course\mean-stack-task-e-commerce-nti\backend\src\utils\catch-async.utili.js:2:3
    at Layer.handleRequest (D:\VisulStudioCode\mean-stack-nti-course\mean-stack-task-e-commerce-nti\backend\node_modules\router\lib\layer.js:152:17)
    at next (D:\VisulStudioCode\mean-stack-nti-course\mean-stack-task-e-commerce-nti\backend\node_modules\router\lib\route.js:157:13)
    at Route.dispatch (D:\VisulStudioCode\mean-stack-nti-course\mean-stack-task-e-commerce-nti\backend\node_modules\router\lib\route.js:117:3)
    at handle (D:\VisulStudioCode\mean-stack-nti-course\mean-stack-task-e-commerce-nti\backend\node_modules\router\index.js:435:11)
    at Layer.handleRequest (D:\VisulStudioCode\mean-stack-nti-course\mean-stack-task-e-commerce-nti\backend\node_modules\router\lib\layer.js:152:17)
    at D:\VisulStudioCode\mean-stack-nti-course\mean-stack-task-e-commerce-nti\backend\node_modules\router\index.js:295:15
    at processParams (D:\VisulStudioCode\mean-stack-nti-course\mean-stack-task-e-commerce-nti\backend\node_modules\router\index.js:582:12)
    at next (D:\VisulStudioCode\mean-stack-nti-course\mean-stack-task-e-commerce-nti\backend\node_modules\router\index.js:291:5)
2026-01-26 12:24:28 | error | Error found | GET | /api/v1/settings | SiteSettingSchema.getSiteSettings is not a function 
TypeError: SiteSettingSchema.getSiteSettings is not a function
    at D:\VisulStudioCode\mean-stack-nti-course\mean-stack-task-e-commerce-nti\backend\src\controllers\settings.controller.js:20:44
    at D:\VisulStudioCode\mean-stack-nti-course\mean-stack-task-e-commerce-nti\backend\src\utils\catch-async.utili.js:2:3
    at Layer.handleRequest (D:\VisulStudioCode\mean-stack-nti-course\mean-stack-task-e-commerce-nti\backend\node_modules\router\lib\layer.js:152:17)
    at next (D:\VisulStudioCode\mean-stack-nti-course\mean-stack-task-e-commerce-nti\backend\node_modules\router\lib\route.js:157:13)
    at Route.dispatch (D:\VisulStudioCode\mean-stack-nti-course\mean-stack-task-e-commerce-nti\backend\node_modules\router\lib\route.js:117:3)
    at handle (D:\VisulStudioCode\mean-stack-nti-course\mean-stack-task-e-commerce-nti\backend\node_modules\router\index.js:435:11)
    at Layer.handleRequest (D:\VisulStudioCode\mean-stack-nti-course\mean-stack-task-e-commerce-nti\backend\node_modules\router\lib\layer.js:152:17)
    at D:\VisulStudioCode\mean-stack-nti-course\mean-stack-task-e-commerce-nti\backend\node_modules\router\index.js:295:15
    at processParams (D:\VisulStudioCode\mean-stack-nti-course\mean-stack-task-e-commerce-nti\backend\node_modules\router\index.js:582:12)
    at next (D:\VisulStudioCode\mean-stack-nti-course\mean-stack-task-e-commerce-nti\backend\node_modules\router\index.js:291:5)
2026-01-26 12:33:36 | error | Error found | GET | /api/v1/settings | SiteSettingSchema.getSiteSettings is not a function 
TypeError: SiteSettingSchema.getSiteSettings is not a function
    at D:\VisulStudioCode\mean-stack-nti-course\mean-stack-task-e-commerce-nti\backend\src\controllers\settings.controller.js:20:44
    at D:\VisulStudioCode\mean-stack-nti-course\mean-stack-task-e-commerce-nti\backend\src\utils\catch-async.utili.js:2:3
    at Layer.handleRequest (D:\VisulStudioCode\mean-stack-nti-course\mean-stack-task-e-commerce-nti\backend\node_modules\router\lib\layer.js:152:17)
    at next (D:\VisulStudioCode\mean-stack-nti-course\mean-stack-task-e-commerce-nti\backend\node_modules\router\lib\route.js:157:13)
    at Route.dispatch (D:\VisulStudioCode\mean-stack-nti-course\mean-stack-task-e-commerce-nti\backend\node_modules\router\lib\route.js:117:3)
    at handle (D:\VisulStudioCode\mean-stack-nti-course\mean-stack-task-e-commerce-nti\backend\node_modules\router\index.js:435:11)
    at Layer.handleRequest (D:\VisulStudioCode\mean-stack-nti-course\mean-stack-task-e-commerce-nti\backend\node_modules\router\lib\layer.js:152:17)
    at D:\VisulStudioCode\mean-stack-nti-course\mean-stack-task-e-commerce-nti\backend\node_modules\router\index.js:295:15
    at processParams (D:\VisulStudioCode\mean-stack-nti-course\mean-stack-task-e-commerce-nti\backend\node_modules\router\index.js:582:12)
    at next (D:\VisulStudioCode\mean-stack-nti-course\mean-stack-task-e-commerce-nti\backend\node_modules\router\index.js:291:5)
2026-01-26 12:33:45 | error | Error found | GET | /api/v1/settings | Cannot read properties of undefined (reading '_defaultToObjectOptions') 
TypeError: Cannot read properties of undefined (reading '_defaultToObjectOptions')
    at Document.$toObject (D:\VisulStudioCode\mean-stack-nti-course\mean-stack-task-e-commerce-nti\backend\node_modules\mongoose\lib\document.js:3841:41)
    at model.set [as logo] (D:\VisulStudioCode\mean-stack-nti-course\mean-stack-task-e-commerce-nti\backend\node_modules\mongoose\lib\helpers\document\compile.js:186:17)
    at _clone (D:\VisulStudioCode\mean-stack-nti-course\mean-stack-task-e-commerce-nti\backend\node_modules\clone\clone.js:162:16)
    at clone (D:\VisulStudioCode\mean-stack-nti-course\mean-stack-task-e-commerce-nti\backend\node_modules\clone\clone.js:202:10)
    at NodeCache._wrap (D:\VisulStudioCode\mean-stack-nti-course\mean-stack-task-e-commerce-nti\backend\node_modules\node-cache\lib\node_cache.js:700:24)
    at NodeCache.set (D:\VisulStudioCode\mean-stack-nti-course\mean-stack-task-e-commerce-nti\backend\node_modules\node-cache\lib\node_cache.js:435:31)
    at D:\VisulStudioCode\mean-stack-nti-course\mean-stack-task-e-commerce-nti\backend\src\controllers\settings.controller.js:23:9
    at process.processTicksAndRejections (node:internal/process/task_queues:103:5)
2026-01-26 12:36:41 | error | Error found | GET | /api/v1/settings | Cannot read properties of undefined (reading '_defaultToObjectOptions') 
TypeError: Cannot read properties of undefined (reading '_defaultToObjectOptions')
    at Document.$toObject (D:\VisulStudioCode\mean-stack-nti-course\mean-stack-task-e-commerce-nti\backend\node_modules\mongoose\lib\document.js:3841:41)
    at model.set [as logo] (D:\VisulStudioCode\mean-stack-nti-course\mean-stack-task-e-commerce-nti\backend\node_modules\mongoose\lib\helpers\document\compile.js:186:17)
    at _clone (D:\VisulStudioCode\mean-stack-nti-course\mean-stack-task-e-commerce-nti\backend\node_modules\clone\clone.js:162:16)
    at clone (D:\VisulStudioCode\mean-stack-nti-course\mean-stack-task-e-commerce-nti\backend\node_modules\clone\clone.js:202:10)
    at NodeCache._wrap (D:\VisulStudioCode\mean-stack-nti-course\mean-stack-task-e-commerce-nti\backend\node_modules\node-cache\lib\node_cache.js:700:24)
    at NodeCache.set (D:\VisulStudioCode\mean-stack-nti-course\mean-stack-task-e-commerce-nti\backend\node_modules\node-cache\lib\node_cache.js:435:31)
    at D:\VisulStudioCode\mean-stack-nti-course\mean-stack-task-e-commerce-nti\backend\src\controllers\settings.controller.js:23:9
    at process.processTicksAndRejections (node:internal/process/task_queues:103:5)
2026-02-01 10:26:53 | error | Error found | POST | /api/v1/auth/login | data and hash arguments required 
Error: data and hash arguments required
    at Object.compare (D:\VisulStudioCode\mean-stack-nti-course\mean-stack-task-e-commerce-nti\backend\node_modules\bcrypt\bcrypt.js:204:17)
    at D:\VisulStudioCode\mean-stack-nti-course\mean-stack-task-e-commerce-nti\backend\node_modules\bcrypt\promises.js:26:12
    at new Promise (<anonymous>)
    at Object.promise (D:\VisulStudioCode\mean-stack-nti-course\mean-stack-task-e-commerce-nti\backend\node_modules\bcrypt\promises.js:17:12)
    at Object.compare (D:\VisulStudioCode\mean-stack-nti-course\mean-stack-task-e-commerce-nti\backend\node_modules\bcrypt\bcrypt.js:200:25)
    at userSchema.methods.matchPassword (D:\VisulStudioCode\mean-stack-nti-course\mean-stack-task-e-commerce-nti\backend\src\schemas\User.schema.js:64:23)
    at D:\VisulStudioCode\mean-stack-nti-course\mean-stack-task-e-commerce-nti\backend\src\controllers\auth.controller.js:95:29
    at process.processTicksAndRejections (node:internal/process/task_queues:103:5)
2026-02-01 10:30:19 | error | Error found | POST | /api/v1/auth/login | data and hash arguments required 
Error: data and hash arguments required
    at Object.compare (D:\VisulStudioCode\mean-stack-nti-course\mean-stack-task-e-commerce-nti\backend\node_modules\bcrypt\bcrypt.js:204:17)
    at D:\VisulStudioCode\mean-stack-nti-course\mean-stack-task-e-commerce-nti\backend\node_modules\bcrypt\promises.js:26:12
    at new Promise (<anonymous>)
    at Object.promise (D:\VisulStudioCode\mean-stack-nti-course\mean-stack-task-e-commerce-nti\backend\node_modules\bcrypt\promises.js:17:12)
    at Object.compare (D:\VisulStudioCode\mean-stack-nti-course\mean-stack-task-e-commerce-nti\backend\node_modules\bcrypt\bcrypt.js:200:25)
    at userSchema.methods.matchPassword (D:\VisulStudioCode\mean-stack-nti-course\mean-stack-task-e-commerce-nti\backend\src\schemas\User.schema.js:64:23)
    at D:\VisulStudioCode\mean-stack-nti-course\mean-stack-task-e-commerce-nti\backend\src\controllers\auth.controller.js:95:29
    at process.processTicksAndRejections (node:internal/process/task_queues:103:5)
2026-02-01 10:30:38 | warn | Failed login attempt: ahmed.ali@example.com 
2026-02-01 10:30:38 | error | Error found | POST | /api/v1/auth/login | بيانات تسجيل الدخول غير صحيحة 
Error: بيانات تسجيل الدخول غير صحيحة
    at D:\VisulStudioCode\mean-stack-nti-course\mean-stack-task-e-commerce-nti\backend\src\controllers\auth.controller.js:96:17
2026-02-01 10:31:03 | warn | Failed login attempt: ahmeda555.alia@example.com 
2026-02-01 10:31:03 | error | Error found | POST | /api/v1/auth/login | بيانات تسجيل الدخول غير صحيحة 
Error: بيانات تسجيل الدخول غير صحيحة
    at D:\VisulStudioCode\mean-stack-nti-course\mean-stack-task-e-commerce-nti\backend\src\controllers\auth.controller.js:96:17
2026-02-01 10:31:32 | warn | Failed login attempt: ahmeda555.alia@example.com 
2026-02-01 10:31:32 | error | Error found | POST | /api/v1/auth/login | بيانات تسجيل الدخول غير صحيحة 
Error: بيانات تسجيل الدخول غير صحيحة
    at D:\VisulStudioCode\mean-stack-nti-course\mean-stack-task-e-commerce-nti\backend\src\controllers\auth.controller.js:96:17
2026-02-01 10:31:47 | warn | Failed login attempt: ahmeda555.alia@example.com 
2026-02-01 10:31:47 | error | Error found | POST | /api/v1/auth/login | بيانات تسجيل الدخول غير صحيحة 
Error: بيانات تسجيل الدخول غير صحيحة
    at D:\VisulStudioCode\mean-stack-nti-course\mean-stack-task-e-commerce-nti\backend\src\controllers\auth.controller.js:96:17
2026-02-01 10:32:35 | warn | Failed login attempt: ahmeda555.alia@example.com 
2026-02-01 10:32:35 | error | Error found | POST | /api/v1/auth/login | بيانات تسجيل الدخول غير صحيحة 
Error: بيانات تسجيل الدخول غير صحيحة
    at D:\VisulStudioCode\mean-stack-nti-course\mean-stack-task-e-commerce-nti\backend\src\controllers\auth.controller.js:96:17
2026-02-01 10:32:59 | warn | Failed login attempt: ahmeda555.alia@example.com 
2026-02-01 10:32:59 | error | Error found | POST | /api/v1/auth/login | بيانات تسجيل الدخول غير صحيحة 
Error: بيانات تسجيل الدخول غير صحيحة
    at D:\VisulStudioCode\mean-stack-nti-course\mean-stack-task-e-commerce-nti\backend\src\controllers\auth.controller.js:96:17
2026-02-01 10:34:36 | info | New user registered: ahmeda555.alia@example.com 
2026-02-01 10:34:46 | info | User logged in: ahmeda555.alia@example.com 
2026-02-01 10:35:42 | info | User logged in: ahmeda555.alia@example.com 
2026-02-01 10:36:06 | info | User logged in: ahmeda555.alia@example.com 
2026-02-01 10:58:02 | info | User logged in: ahmeda555.alia@example.com 
2026-02-01 12:34:38 | info | User logged in: ahmeda555.alia@example.com 
2026-02-01 12:45:11 | info | User logged in: ahmeda555.alia@example.com 
2026-02-01 15:16:51 | error | Error found | GET | /api/v1products | can't find /api/v1products on this server 
Error: can't find /api/v1products on this server
    at D:\VisulStudioCode\mean-stack-nti-course\mean-stack-task-e-commerce-nti\backend\app.js:39:8
    at Layer.handleRequest (D:\VisulStudioCode\mean-stack-nti-course\mean-stack-task-e-commerce-nti\backend\node_modules\router\lib\layer.js:152:17)
    at trimPrefix (D:\VisulStudioCode\mean-stack-nti-course\mean-stack-task-e-commerce-nti\backend\node_modules\router\index.js:342:13)
    at D:\VisulStudioCode\mean-stack-nti-course\mean-stack-task-e-commerce-nti\backend\node_modules\router\index.js:297:9
    at processParams (D:\VisulStudioCode\mean-stack-nti-course\mean-stack-task-e-commerce-nti\backend\node_modules\router\index.js:582:12)
    at next (D:\VisulStudioCode\mean-stack-nti-course\mean-stack-task-e-commerce-nti\backend\node_modules\router\index.js:291:5)
    at read (D:\VisulStudioCode\mean-stack-nti-course\mean-stack-task-e-commerce-nti\backend\node_modules\body-parser\lib\read.js:53:5)
    at jsonParser (D:\VisulStudioCode\mean-stack-nti-course\mean-stack-task-e-commerce-nti\backend\node_modules\body-parser\lib\types\json.js:88:5)
    at Layer.handleRequest (D:\VisulStudioCode\mean-stack-nti-course\mean-stack-task-e-commerce-nti\backend\node_modules\router\lib\layer.js:152:17)
    at trimPrefix (D:\VisulStudioCode\mean-stack-nti-course\mean-stack-task-e-commerce-nti\backend\node_modules\router\index.js:342:13)
